[36mvite v5.4.21 [32mbuilding for production...[36m[39m
transforming...
[32mΓ£ô[39m 2357 modules transformed.
rendering chunks...
computing gzip size...
[2mdist/[22m[32mindex.html                           [39m[1m[2m    0.37 kB[22m[1m[22m[2m Γöé gzip:   0.26 kB[22m
[2mdist/[22m[32massets/logo-BRHPd8dD.png             [39m[1m[2m4,060.18 kB[22m[1m[22m
[2mdist/[22m[35massets/index-CqzbtvIc.css            [39m[1m[2m   42.02 kB[22m[1m[22m[2m Γöé gzip:   7.96 kB[22m
[2mdist/[22m[36massets/shield-_S7-LEM6.js            [39m[1m[2m    0.32 kB[22m[1m[22m[2m Γöé gzip:   0.26 kB[22m
[2mdist/[22m[36massets/arrow-left-DeVOL9xk.js        [39m[1m[2m    0.33 kB[22m[1m[22m[2m Γöé gzip:   0.27 kB[22m
[2mdist/[22m[36massets/sparkles-CLTY-J7X.js          [39m[1m[2m    0.59 kB[22m[1m[22m[2m Γöé gzip:   0.35 kB[22m
[2mdist/[22m[36massets/trophy-B7fE_O5V.js            [39m[1m[2m    0.96 kB[22m[1m[22m[2m Γöé gzip:   0.46 kB[22m
[2mdist/[22m[36massets/MainDashboard-D0iiQ0tb.js     [39m[1m[2m    6.42 kB[22m[1m[22m[2m Γöé gzip:   1.95 kB[22m
[2mdist/[22m[36massets/MovieDetails-JLMzj2YL.js      [39m[1m[2m    6.73 kB[22m[1m[22m[2m Γöé gzip:   2.51 kB[22m
[2mdist/[22m[36massets/InfoPage-BbEXDUC-.js          [39m[1m[2m    6.87 kB[22m[1m[22m[2m Γöé gzip:   2.62 kB[22m
[2mdist/[22m[36massets/ResultsDashboard-D_h5sXDv.js  [39m[1m[2m    8.15 kB[22m[1m[22m[2m Γöé gzip:   2.69 kB[22m
[2mdist/[22m[36massets/index-0UY0FDhr.js             [39m[1m[2m  311.23 kB[22m[1m[22m[2m Γöé gzip: 101.88 kB[22m
[2mdist/[22m[36massets/WelcomeDashboard-LhufDJww.js  [39m[1m[33m  866.95 kB[39m[22m[2m Γöé gzip: 238.89 kB[22m
node.exe : [33m
At line:1 char:1
+ & "C:\Program 
Files\nodejs/node.exe" 
"C:\Program 
Files\nodejs/node_mo ...
+ ~~~~~~~~~~~~~~~~~~~~~~~~~
~~~~~~~~~~~~~~~~~~~~~~~~~~~
~~~~~~~~~~~~~~~~~
    + CategoryInfo         
     : NotSpecified: ([3  
  3m:String) [], RemoteE   
 xception
    + FullyQualifiedErrorI 
   d : NativeCommandError
 
(!) Some chunks are larger 
than 500 kB after 
minification. Consider:
- Using dynamic import() 
to code-split the 
application
- Use build.rollupOptions.o
utput.manualChunks to 
improve chunking: https://r
ollupjs.org/configuration-o
ptions/#output-manualchunks
- Adjust chunk size limit 
for this warning via build.
chunkSizeWarningLimit.[39m
[32mΓ£ô built in 10.06s[39m
